1, name
2, name
